小米澎程N90,https://www.iesdouyin.com/aweme/v1/playwm/?line=0&logo_name=aweme_diversion_search∶=720p&video_id=v1e00fgi0000d9lklmfog65t7jl676f0
小米YU7,http://www.iesdouyin.com/aweme/v1/playwm/?video_id=v0200fg10000d0nrolvog65uva9acetg∶=720p&line=0
小米SU7 ultra,https://www.iesdouyin.com/aweme/v1/playwm/?video_id=v0300fg10000cv4jntnog65skq4ct860∶=720p&line=0
朴彩英-APT,https://www.iesdouyin.com/aweme/v1/playwm/?video_id=v02f52g10003css23uiljht5d6b6mnq0∶=720p&line=0
wonder girls-Nobody,https://www.iesdouyin.com/aweme/v1/playwm/?video_id=v0d00fg10000c6loblbc77u7hd3mel20∶=720p&line=0
街道办GDC/欧阳耀莹-春娇与志明,https://www.iesdouyin.com/aweme/v1/playwm/?video_id=v0200f890000bt2sn535j22kbcal83p0∶=720p&line=0
handsome lau/HYPEEZY/冯泳-梦醒,https://www.iesdouyin.com/aweme/v1/playwm/?video_id=v0200fg10000cd2h8erc77u41qn32org∶=720p&line=0
欧阳耀莹-戒不掉,https://www.iesdouyin.com/aweme/v1/playwm/?video_id=v0300fg10000cpa5fhvog65hgvocq0vg∶=720p&line=0
陈芯怡-不需要挽留,https://www.iesdouyin.com/aweme/v1/playwm/?video_id=v0200fg10000cmj9767og65mocrpq5fg∶=720p&line=0
王心凌-第一次爱的人,https://www.iesdouyin.com/aweme/v1/playwm/?video_id=v0d00fg10000c8kod7rc77u382vs27jg∶=720p&line=0
王心凌-当你,https://www.iesdouyin.com/aweme/v1/playwm/?video_id=v0d00fg10000ciro1jbc77u72t4qmdpg∶=720p&line=0
陈冠希-战争,https://www.iesdouyin.com/aweme/v1/playwm/?video_id=v0300fg10000ch5hv2jc77udla7jom10∶=720p&line=0
蔡依林-日不落,https://www.iesdouyin.com/aweme/v1/playwm/?video_id=v0d00fg10000ch00eijc77u0akslavig∶=720p&line=0
蔡依林/陶喆-今天你要嫁给我,https://www.iesdouyin.com/aweme/v1/playwm/?video_id=v0300fg10000cj0h9mrc77ubbgnamamg∶=720p&line=0
钟嘉欣-我结婚了,https://www.iesdouyin.com/aweme/v1/playwm/?video_id=v0300fg10000c2utibbc77u7pgisaep0∶=720p&line=0
韩安旭-多幸运,https://www.iesdouyin.com/aweme/v1/playwm/?line=0&logo_name=aweme_diversion_search∶=720p&video_id=v0300fg10000d0m9etvog65nglhodq2g
卫兰/24味-Wonderlanad,https://www.iesdouyin.com/aweme/v1/playwm/?video_id=v0d00fg10000ce1gm2jc77u9vqku0lk0∶=720p&line=0
卫兰-大哥,https://www.iesdouyin.com/aweme/v1/playwm/?video_id=v0300fg10000cc50gabc77ue2vb9akd0∶=720p&line=0
卫兰-残酷游戏,https://www.iesdouyin.com/aweme/v1/playwm/?video_id=v0200fg10000cfhlbnrc77u33819un70∶=720p&line=0
卫兰-my cokie can,https://www.iesdouyin.com/aweme/v1/playwm/?video_id=v0300fg10000ckpa68bc77u0e09rgs6g∶=720p&line=0
卫兰-离家出走,https://www.iesdouyin.com/aweme/v1/playwm/?video_id=v0d00fg10000cj9nctrc77u9f26arls0∶=720p&line=0
卫兰-心有不甘,https://www.iesdouyin.com/aweme/v1/playwm/?video_id=v0300fg10000ch5k663c77u3qu84l3t0∶=720p&line=0
卫兰-就算世界无童话,https://www.iesdouyin.com/aweme/v1/playwm/?video_id=v0300fg10000chnenb3c77u2moocu08g∶=720p&line=0
卫诗-宁愿你永不知道,https://www.iesdouyin.com/aweme/v1/playwm/?video_id=v0300fg10000c8ehvsbc77ue6b6p56hg∶=720p&line=0
謝安琪-喜帖街,https://www.iesdouyin.com/aweme/v1/playwm/?video_id=v0200f580000bqulipikgg1hr4eidvvg∶=720p&line=0
謝安琪-钟无艳,https://www.iesdouyin.com/aweme/v1/playwm/?video_id=v0d00fg10000chq2bsjc77uc3k8tcp5g∶=720p&line=0
郑欣宜-上心,https://www.iesdouyin.com/aweme/v1/playwm/?video_id=v0200fg10000cmvk5cnog65judt62tcg∶=720p&line=0
阿细-细界,https://www.iesdouyin.com/aweme/v1/playwm/?video_id=v0d00fg10000ck02v0rc77u87sj16lcg∶=720p&line=0
林奕匡-高山低谷,https://www.iesdouyin.com/aweme/v1/playwm/?video_id=v0200fg10000cms7f7nog65tv408a84g∶=720p&line=0
周柏豪-我的宣言,https://www.iesdouyin.com/aweme/v1/playwm/?video_id=v0200fg10000c7sm6u3c77uace3houd0∶=720p&line=0
周柏豪-够钟,https://www.iesdouyin.com/aweme/v1/playwm/?video_id=v0300fg10000cmbebvbc77u6p4blmqtg∶=720p&line=0
周柏豪-传闻,https://www.iesdouyin.com/aweme/v1/playwm/?video_id=v0200fg10000c9d38o3c77u1jf2r3r6g∶=720p&line=0
周柏豪-小白,https://www.iesdouyin.com/aweme/v1/playwm/?video_id=v0d00fg10000c9go7bjc77u3qv0480gg∶=720p&line=0
周柏豪/郑融-一事无成,https://www.iesdouyin.com/aweme/v1/playwm/?video_id=v0d00fg10000cbcbg2jc77u4rikmlblg∶=720p&line=0
周柏豪-还记得,https://www.iesdouyin.com/aweme/v1/playwm/?video_id=v0200fg10000ca9qcubc77u3d3jrsp9g∶=720p&line=0
CAllStar-天梯,https://www.iesdouyin.com/aweme/v1/playwm/?video_id=v0200fg10000cisenvvog65r87k65dr0∶=720p&line=0
黄凯芹-雨中的恋人们,https://www.iesdouyin.com/aweme/v1/playwm/?video_id=v0300fg10000cjli7rfog65o4vh2p4ug∶=720p&line=0
谢霆锋-活着viva,https://www.iesdouyin.com/aweme/v1/playwm/?video_id=v0d00fg10000ccdmdsbc77u0hvhjiuc0∶=720p&line=0
潘玮柏/弦子-不得不爱,https://www.iesdouyin.com/aweme/v1/playwm/?video_id=v0d00fg10000ct4mq2vog65i8p1hflg0∶=720p&line=0
葛东琪-悬溺,https://www.iesdouyin.com/aweme/v1/playwm/?video_id=v0200fg10000cg7gf7rc77ufgvikae50∶=720p&line=0
周杰伦-七里香,https://www.iesdouyin.com/aweme/v1/playwm/?line=0&logo_name=aweme_diversion_search_app∶=720p&video_id=v0200fg10000cpbvhp7og65tm36f7f9g
周杰伦-说好的幸福呢,https://www.iesdouyin.com/aweme/v1/playwm/?video_id=v0200fg10000cssvfd7og65s05l6fb30∶=720p&line=0
周杰伦-珊瑚海,https://www.iesdouyin.com/aweme/v1/playwm/?video_id=v0200fg10000cu53j17og65mdmh6uuvg∶=720p&line=0
周杰伦-退后,https://www.iesdouyin.com/aweme/v1/playwm/?video_id=v0200fg10000cu4gqmvog65ugg1to2qg∶=720p&line=0
周杰伦-说好不哭,https://www.iesdouyin.com/aweme/v1/playwm/?video_id=v0200fg10000cu1rh9vog65imnpbre70∶=720p&line=0
周杰伦-等你下课,https://www.iesdouyin.com/aweme/v1/playwm/?video_id=v0200fg10000cu1nfonog65trp6p79ug∶=720p&line=0
周杰伦-蒲公英的约定,https://www.iesdouyin.com/aweme/v1/playwm/?video_id=v0200fg10000cu16plvog65nf0t5gj8g∶=720p&line=0
周杰伦-我落泪情绪零碎,https://www.iesdouyin.com/aweme/v1/playwm/?video_id=v0200fg10000ctt2hmvog65usvfqcpf0∶=720p&line=0
周杰伦-晴天,https://www.iesdouyin.com/aweme/v1/playwm/?video_id=v0200fg10000ctrtl67og65qlnn3p6q0∶=720p&line=0
周杰伦-一路向北,https://www.iesdouyin.com/aweme/v1/playwm/?video_id=v0200fg10000ctdf26vog65kmvqmvk1g∶=720p&line=0
周杰伦-我不配,https://www.iesdouyin.com/aweme/v1/playwm/?video_id=v0200fg10000ctckvvnog65m6b34rft0∶=720p&line=0
周杰伦-花海,https://www.iesdouyin.com/aweme/v1/playwm/?video_id=v0200fg10000ct25167og65te5cdbhj0∶=720p&line=0
周杰伦-青花瓷,https://www.iesdouyin.com/aweme/v1/playwm/?video_id=v0200fg10000cslnpcnog65tu8njd7pg∶=720p&line=0
周杰伦-稻香,https://www.iesdouyin.com/aweme/v1/playwm/?video_id=v0200fg10000ctlmcvvog65o5ds0167g∶=720p&line=0
周杰伦-龙卷风,https://www.iesdouyin.com/aweme/v1/playwm/?video_id=v0200fg10000crd9uj7og65v04u0dc7g∶=720p&line=0
周杰伦-简单爱,https://www.iesdouyin.com/aweme/v1/playwm/?video_id=v0d00fg10000csnbkmqljht17n76quv0∶=720p&line=0
周杰伦-告白气球,https://www.iesdouyin.com/aweme/v1/playwm/?video_id=v0d00fg10000ci86emrc77ualbim8bv0∶=720p&line=0
周杰伦-不能说的秘密,https://www.iesdouyin.com/aweme/v1/playwm/?video_id=v0200fg10000cum99unog65osqdmttig∶=720p&line=0
周杰伦-搁浅,https://www.iesdouyin.com/aweme/v1/playwm/?video_id=v0200fg10000cuflqnvog65rdj8jqpc0∶=720p&line=0
光良-童话,https://www.iesdouyin.com/aweme/v1/playwm/?video_id=v0200fg10000cmhcjp3c77u6lekc7am0∶=720p&line=0
江语晨-最后一页,https://www.iesdouyin.com/aweme/v1/playwm/?video_id=v0300fg10000cn5q3rbc77ubqm4m4jsg∶=720p&line=0
江语晨-浪漫爱,https://www.iesdouyin.com/aweme/v1/playwm/?video_id=v0300fd80000bqt2lkroe0ndof6sf6d0∶=720p&line=0
陶喆-就是爱你,https://www.iesdouyin.com/aweme/v1/playwm/?video_id=v0300fg10000c2j1oprc77u04674qfu0∶=720p&line=0
郭静-心墙,https://www.iesdouyin.com/aweme/v1/playwm/?video_id=v0d00fg10000cjb9s3bc77u14r09k960∶=720p&line=0
SHE-67首合集,https://www.iesdouyin.com/aweme/v1/playwm/?video_id=v0200fg10000cp7v5hvog65pib9gvgr0∶=720p&line=0
林俊杰-当你,https://www.iesdouyin.com/aweme/v1/playwm/?video_id=v0200fg10000c7kn3mjc77u760cntbs0∶=720p&line=0
林俊杰-可惜没如果,https://www.iesdouyin.com/aweme/v1/playwm/?video_id=v0200fg10000cc04j43c77ucueo1ls5g∶=720p&line=0
林俊杰-不为谁而做的歌,https://www.iesdouyin.com/aweme/v1/playwm/?video_id=v0300fg10000cfrkaljc77ue6grom5qg∶=720p&line=0
林俊杰-她说,https://www.iesdouyin.com/aweme/v1/playwm/?video_id=v0200fg10000c7kn4r3c77u8dq4r1vo0∶=720p&line=0
林俊杰-背对背拥抱,https://www.iesdouyin.com/aweme/v1/playwm/?video_id=v0300fg10000c5a6qjbc77u4nhrr8s0g∶=720p&line=0
林俊杰-修炼爱情,https://www.iesdouyin.com/aweme/v1/playwm/?video_id=v0200fg10000chdi71rc77u1eim5a4t0∶=720p&line=0
林俊杰-手心的蔷薇,https://www.iesdouyin.com/aweme/v1/playwm/?video_id=v0d00fg10000c4p3rrbc77u5vns816r0∶=720p&line=0
林俊杰-江南,https://www.iesdouyin.com/aweme/v1/playwm/?video_id=v0300fg10000c8t5ac3c77u822ppftmg∶=720p&line=0
林俊杰-小酒窝,https://www.iesdouyin.com/aweme/v1/playwm/?video_id=v0200fg10000cg5ghijc77ud4ehka23g∶=720p&line=0
林俊杰-Always Online,https://www.iesdouyin.com/aweme/v1/playwm/?video_id=v0300fg10000ck65c1rc77ucdedd9tpg∶=720p&line=0
林俊杰-不潮不用花钱,https://www.iesdouyin.com/aweme/v1/playwm/?video_id=v0200fg10000c7kn32bc77u538kgoopg∶=720p&line=0
by2-爱丫爱丫,https://www.iesdouyin.com/aweme/v1/playwm/?video_id=v0d00fg10000croe187og65pl22ksg00∶=720p&line=0
by2-我知道,https://www.iesdouyin.com/aweme/v1/playwm/?video_id=v0200fg10000citn8ivog65usodfhif0∶=720p&line=0
by2-我知道,https://www.iesdouyin.com/aweme/v1/playwm/?video_id=v0d00fg10000ct0ushnog65rec0oavug∶=720p&line=0
by2-你并不懂我,https://www.iesdouyin.com/aweme/v1/playwm/?video_id=v0200fg10000crhpin7og65vnbko3vm0∶=720p&line=0
by2-你并不懂我,https://www.iesdouyin.com/aweme/v1/playwm/?video_id=v0200fg10000c8bids3c77ufr1d2duag∶=720p&line=0
by2/汪苏泷-有点甜,https://www.iesdouyin.com/aweme/v1/playwm/?video_id=v0300fg10000cb5bsu3c77ucgqht5pj0∶=720p&line=0
关淑怡-难得有情人,https://www.iesdouyin.com/aweme/v1/playwm/?video_id=v0200fg10000cockvfrc77uecmqmqq40∶=720p&line=0
刘小慧-初恋情人,https://www.iesdouyin.com/aweme/v1/playwm/?video_id=v0d00fg10000cc9cli3c77u4vdavpd70∶=720p&line=0
李克勤-红日,https://www.iesdouyin.com/aweme/v1/playwm/?video_id=v0d00fg10000co87rbjc77ueeb2bpbbg∶=720p&line=0
李克勤-护花使者,https://www.iesdouyin.com/aweme/v1/playwm/?video_id=v0300fg10000cit40pbc77uae67r96cg∶=720p&line=0
徐小凤-风的季节,https://www.iesdouyin.com/aweme/v1/playwm/?video_id=v0d00fg10000c9v0f3bc77u2pia8a8vg∶=720p&line=0
罗文-几许风雨,https://www.iesdouyin.com/aweme/v1/playwm/?video_id=v0300fg10000co6fijvog65rloj3i5n0∶=720p&line=0
周慧敏-最爱,https://www.iesdouyin.com/aweme/v1/playwm/?video_id=v0d00fg10000cihdb9rc77uaaibdjvl0∶=720p&line=0
陈百强-偏偏喜欢你,https://www.iesdouyin.com/aweme/v1/playwm/?video_id=v0300fg10000c4sd0hjc77uadn62vdpg∶=720p&line=0
陈百强-一生何求,https://www.iesdouyin.com/aweme/v1/playwm/?video_id=v0d00fg10000c62hppbc77u6phu370hg∶=720p&line=0
陈慧娴-千千阙歌,https://www.iesdouyin.com/aweme/v1/playwm/?video_id=v0200fg10000cobq6e3c77udq71olmb0∶=720p&line=0
陈慧娴-夜半小夜曲,https://www.iesdouyin.com/aweme/v1/playwm/?video_id=v0300fc30000bu3s66l91uupo5jllq40∶=720p&line=0
陈慧娴-人生何处不相逢,https://www.iesdouyin.com/aweme/v1/playwm/?video_id=v0d00fg10000chrn8sjc77u9t0ofndkg∶=720p&line=0
陈慧娴-情意结,https://www.iesdouyin.com/aweme/v1/playwm/?video_id=v0200fg10000c7mte0bc77u646crfqj0∶=720p&line=0
陈慧娴-傻女,https://www.iesdouyin.com/aweme/v1/playwm/?video_id=v0300fg10000ccg7jsrc77u3n0hmrrn0∶=720p&line=0
林忆莲-假如让你吻下去,https://www.iesdouyin.com/aweme/v1/playwm/?video_id=v0300fg10000cm13h63c77u825g1pq90∶=720p&line=0
张国荣-沉默是金,https://www.iesdouyin.com/aweme/v1/playwm/?video_id=v0d00fg10000cgjuqvbc77uc1cnf47ag∶=720p&line=0
钟镇涛-让一切随风,https://www.iesdouyin.com/aweme/v1/playwm/?video_id=v0200fg10000clvs8cjc77u7555h0er0∶=720p&line=0
刘德华-暗里着迷,https://www.iesdouyin.com/aweme/v1/playwm/?video_id=v0300fg10000c8rv9cjc77u58p5sd07g∶=720p&line=0
刘德华-一起走过的日子,https://www.iesdouyin.com/aweme/v1/playwm/?video_id=v0200fg10000cl9255rc77uagabjkqkg∶=720p&line=0
谭咏麟-讲不出再见,https://www.iesdouyin.com/aweme/v1/playwm/?video_id=v0200fg10000co5ch8rc77u2dtata9sg∶=720p&line=0
谭咏麟-一生中最爱,https://www.iesdouyin.com/aweme/v1/playwm/?video_id=v0d00fg10000cni9357og65hefir2gf0∶=720p&line=0
王杰-谁明浪子心,https://www.iesdouyin.com/aweme/v1/playwm/?video_id=v0300fg10000c5knm9rc77uboe0h3rgg∶=720p&line=0
王杰-不浪漫罪名,https://www.iesdouyin.com/aweme/v1/playwm/?video_id=v0200fg10000c9bvck3c77ucqkhpnfd0∶=720p&line=0
吕方-你的浅笑,https://www.iesdouyin.com/aweme/v1/playwm/?video_id=v0200fg10000cmp585fog65v3t4i0v80∶=720p&line=0
张学友-饿狼传说,https://www.iesdouyin.com/aweme/v1/playwm/?video_id=v0300fg10000cfapr43c77u621266pjg∶=720p&line=0
张学友-只想一生跟你走,https://www.iesdouyin.com/aweme/v1/playwm/?video_id=v0200fg10000ci8ljnbc77u7qp8pt7cg∶=720p&line=0
邓丽君-漫步人生路,https://www.iesdouyin.com/aweme/v1/playwm/?video_id=v0300fg10000cgg6rljc77ub1k9u4dug∶=720p&line=0
邓丽欣-电灯胆,https://www.iesdouyin.com/aweme/v1/playwm/?video_id=v0d00fg10000cmhsnt3c77u2ra2n3e2g∶=720p&line=0
邓丽欣/傅颖-亲朋勿友,https://www.iesdouyin.com/aweme/v1/playwm/?video_id=v0300fg10000ccs4uirc77u12f0g60vg∶=720p&line=0
Beyond-光辉岁月,https://www.iesdouyin.com/aweme/v1/playwm/?video_id=v0300fg10000ccu4ldjc77u4nmf3f54g∶=720p&line=0
Beyond-真的爱你,https://www.iesdouyin.com/aweme/v1/playwm/?video_id=v0300fg10000ceksa4bc77u77da91tfg∶=720p&line=0
Beyond-大地,https://www.iesdouyin.com/aweme/v1/playwm/?video_id=v0200fg10000cojstabc77uerhn878qg∶=720p&line=0
Beyond-冷雨夜,https://www.iesdouyin.com/aweme/v1/playwm/?video_id=v0200fg10000cdqcbe3c77ucgubud6i0∶=720p&line=0
Beyond-海阔天空,https://www.iesdouyin.com/aweme/v1/playwm/?video_id=v0d00fg10000chfntjrc77uf4o64t5qg∶=720p&line=0
Beyond-岁月无声,https://www.iesdouyin.com/aweme/v1/playwm/?video_id=v0d00fg10000cfhoeq3c77u4flt6fni0∶=720p&line=0
叶蒨文-情人知己,https://www.iesdouyin.com/aweme/v1/playwm/?video_id=v0300fg10000cmcmv33c77uer3e2mdag∶=720p&line=0
叶蒨文-祝福,https://www.iesdouyin.com/aweme/v1/playwm/?video_id=v0d00fg10000c8rfd1bc77u0gvo4f8b0∶=720p&line=0
叶丽仪-上海滩,https://www.iesdouyin.com/aweme/v1/playwm/?video_id=v0300fg10000c56uiubc77uc6dubb3q0∶=720p&line=0
甄妮-友谊太阳,https://m.douyin.com/aweme/v1/playwm/?video_id=v0d00fg10000c7dm1ojc77udvrshcceg∶=720p&line=0
甄妮-我曾用心爱着你,https://www.iesdouyin.com/aweme/v1/playwm/?video_id=v0200fg10000c61mgpjc77u30e9dfqa0∶=720p&line=0
王菲-容易受伤的女人,https://www.iesdouyin.com/aweme/v1/playwm/?video_id=v0200fg10000coul6kjc77u020n5vnvg∶=720p&line=0
郑中基-无赖,https://www.iesdouyin.com/aweme/v1/playwm/?video_id=v0300fg10000cmaj7d7og65vg4bdm0h0∶=720p&line=0
孙耀威-爱的故上集,https://www.iesdouyin.com/aweme/v1/playwm/?video_id=v0200fg10000c60cbq3c77u4kbdnbc3g∶=720p&line=0
林子祥-男儿当自强,https://www.iesdouyin.com/aweme/v1/playwm/?video_id=v0300f4a0000bt4chkq5lp9jpvrs4u0g∶=720p&line=0
梁咏琪-灰姑娘,https://www.iesdouyin.com/aweme/v1/playwm/?video_id=v0300fg10000c3r9krjc77u4v5e0hcig∶=720p&line=0
梁咏琪/李荣浩-紫荆花盛开,https://www.iesdouyin.com/aweme/v1/playwm/?video_id=v0d00fg10000cs9se97og65n0tue68vg∶=720p&line=0
容祖儿-心淡,https://www.iesdouyin.com/aweme/v1/playwm/?video_id=v0200fg10000cep4bprc77u0o4umqlt0∶=720p&line=0
容祖儿-习惯失恋,https://www.iesdouyin.com/aweme/v1/playwm/?video_id=v0d00fg10000cdhtuo3c77u4qg4mdmq0∶=720p&line=0
容祖儿-续集,https://www.iesdouyin.com/aweme/v1/playwm/?video_id=v0d00fg10000cdaap5bc77u0ioga7ah0∶=720p&line=0
容祖儿-怯,https://www.iesdouyin.com/aweme/v1/playwm/?video_id=v0300fg10000c383g33c77u99amrpkl0∶=720p&line=0
容祖儿-16号爱人,https://www.iesdouyin.com/aweme/v1/playwm/?video_id=v0d00fg10000ckl4ehrc77u5t25hkci0∶=720p&line=0
容祖儿-连续剧,https://www.iesdouyin.com/aweme/v1/playwm/?video_id=v0200fg10000cm5avjbc77u543s8e3b0∶=720p&line=0
陈奕迅-落花流水,https://www.iesdouyin.com/aweme/v1/playwm/?video_id=v0d00fg10000cngumojc77ubsn73764g∶=720p&line=0
陈奕迅-富士山下,https://www.iesdouyin.com/aweme/v1/playwm/?video_id=v0200fg10000cnu3p4jc77u9i1pe18qg∶=720p&line=0
陈奕迅-明年今日,https://www.iesdouyin.com/aweme/v1/playwm/?video_id=v0200fg10000ccqqbarc77u3c0tjm46g∶=720p&line=0
陈奕迅-单车,https://www.iesdouyin.com/aweme/v1/playwm/?video_id=v0300fg10000ctpv5tvog65qksofvds0∶=720p&line=0
陈奕迅-十面埋伏,https://www.iesdouyin.com/aweme/v1/playwm/?video_id=v0300fg10000csjohunog65ideqnh670∶=720p&line=0
杨千嬅-少年的祈祷,https://www.iesdouyin.com/aweme/v1/playwm/?video_id=v0200fg10000c5ju2krc77u41p3mgv50∶=720p&line=0
杨千嬅-处处吻,https://www.iesdouyin.com/aweme/v1/playwm/?video_id=v0300fg10000crdghifog65nm151qkh0∶=720p&line=0
杨千嬅-野孩子,https://www.iesdouyin.com/aweme/v1/playwm/?video_id=v0200fg10000co0lujbc77ub5fefi6p0∶=720p&line=0
杨千嬅-可惜我是水瓶座,https://www.iesdouyin.com/aweme/v1/playwm/?video_id=v0300fg10000ce88qmbc77uem4d0e4bg∶=720p&line=0
Twins-下一站天后,https://www.iesdouyin.com/aweme/v1/playwm/?video_id=v0200fg10000c9hsmhrc77u8bcep14rg∶=720p&line=0
Twins-恋爱大过天,https://www.iesdouyin.com/aweme/v1/playwm/?video_id=v0300fg10000cfvdrjrc77ud5nlujjag∶=720p&line=0
Twins/boyz-死性不改,https://www.iesdouyin.com/aweme/v1/playwm/?video_id=v0300fg10000cfvjrkbc77u74v6btr50∶=720p&line=0
Twins-风筝与风,https://www.iesdouyin.com/aweme/v1/playwm/?video_id=v0200fda0000bshv5b74vs5fah61kna0∶=720p&line=0
Twins-朋友仔,https://www.iesdouyin.com/aweme/v1/playwm/?video_id=v0200fg10000cdsbamrc77u2p0aq3a00∶=720p&line=0
蔡卓妍-二缺一,https://www.iesdouyin.com/aweme/v1/playwm/?video_id=v0200fg10000c2s2m1bc77u5age1b03g∶=720p&line=0
侧田-命硬,https://www.iesdouyin.com/aweme/v1/playwm/?video_id=v0200fg10000clpvvpbc77udpkv629d0∶=720p&line=0
侧田-kong,https://www.iesdouyin.com/aweme/v1/playwm/?video_id=v0200fg10000clc94u3c77uf0uv06v80∶=720p&line=0
连诗雅-好好过,https://www.iesdouyin.com/aweme/v1/playwm/?video_id=v0200fg10000chjmaarc77u1lp7ig8c0∶=720p&line=0
连诗雅-到此为止,https://www.iesdouyin.com/aweme/v1/playwm/?video_id=v0200fg10000cf3vrrjc77uc2imn4ad0∶=720p&line=0
陈柏宇-你瞒我瞒,https://www.iesdouyin.com/aweme/v1/playwm/?video_id=v0300fg10000ccrgjdrc77ua76fkf6sg∶=720p&line=0
AGA-孤雏,https://www.iesdouyin.com/aweme/v1/playwm/?video_id=v0d00fg10000cp22lt3c77u3sp4g96u0∶=720p&line=0
吴雨霏-吴哥窿,https://www.iesdouyin.com/aweme/v1/playwm/?video_id=v0d00fg10000cp8v8l7og65vel2a1ls0∶=720p&line=0
吴雨霏-明知做戏,https://www.iesdouyin.com/aweme/v1/playwm/?video_id=v0200fg10000ce0r8hjc77u3c0th1spg∶=720p&line=0
吴雨霏-留不低,https://www.iesdouyin.com/aweme/v1/playwm/?video_id=v0d00fg10000cae08n3c77u2lghi4a9g∶=720p&line=0
吴雨霏-我本人,https://www.iesdouyin.com/aweme/v1/playwm/?video_id=v0300fg10000cpk55svog65tsdrf872g∶=720p&line=0
吴雨霏-座右铭,https://www.iesdouyin.com/aweme/v1/playwm/?video_id=v0300fg10000csgeobvog65skv513bv0∶=720p&line=0
梁汉文-缠绵游戏,https://www.iesdouyin.com/aweme/v1/playwm/?video_id=v0300fg10000cjo6odrc77u9f4if7ub0∶=720p&line=0
林峯-爱在记忆中找你,https://www.iesdouyin.com/aweme/v1/playwm/?video_id=v0200fg10000cbidlubc77u4luk3uth0∶=720p&line=0
林峯-爱不疚,https://www.iesdouyin.com/aweme/v1/playwm/?video_id=v0200fg10000cbi9p5rc77u8fordilm0∶=720p&line=0
林峯-幼稚完,https://www.iesdouyin.com/aweme/v1/playwm/?video_id=v0d00fg10000c3c8tolfurq0t8hl20cg∶=720p&line=0
林峯/泳儿-明天以后,https://www.iesdouyin.com/aweme/v1/playwm/?video_id=v0200fg10000clg15bnog65otdhtama0∶=720p&line=0
泳儿-无心恋唱,https://www.iesdouyin.com/aweme/v1/playwm/?video_id=v0200fg10000cd72dobc77u85rlotlp0∶=720p&line=0
泳儿-24首合集,https://www.iesdouyin.com/aweme/v1/playwm/?video_id=v0200fg10000celom73c77u7maj81qo0∶=720p&line=0
海明威/泳儿-我的回忆不是我的,https://www.iesdouyin.com/aweme/v1/playwm/?video_id=v0300fg10000crob83nog65jioid2pv0∶=720p&line=0
许廷铿-面具,https://www.iesdouyin.com/aweme/v1/playwm/?video_id=v0200ffe0000bsma66222nggd3hrnnrg∶=720p&line=0
古巨基-必杀技,https://www.iesdouyin.com/aweme/v1/playwm/?video_id=v0200fg10000cekv06jc77udpp4ltm90∶=720p&line=0
古巨基-爱与诚,https://www.iesdouyin.com/aweme/v1/playwm/?video_id=v0300fg10000cq20gevog65vbni5bjpg∶=720p&line=0
黎瑞恩-一人有一个的梦想,https://www.iesdouyin.com/aweme/v1/playwm/?video_id=v0200fg10000ce4s2g3c77ub64mff9qg∶=720p&line=0
陈文缓-时光中飞舞,https://www.iesdouyin.com/aweme/v1/playwm/?video_id=v0300fg10000cab99tbc77u5slfids90∶=720p&line=0
陈僖仪-忘川,https://www.iesdouyin.com/aweme/v1/playwm/?video_id=v0300fg10000ca6gn83c77ufug96j7cg∶=720p&line=0
张敬轩-酷爱,https://www.iesdouyin.com/aweme/v1/playwm/?video_id=v0200fg10000ck1q5v3c77ucqtq44b4g∶=720p&line=0
蒋小呢-for ya,https://www.iesdouyin.com/aweme/v1/playwm/?video_id=v0200fg10000c4k69ujc77u3f5l37i50∶=720p&line=0
李玖哲-夏天,https://www.iesdouyin.com/aweme/v1/playwm/?video_id=v0200fg10000cjhde3fog65upiashhr0∶=720p&line=0
南征北战-我的天空,https://www.iesdouyin.com/aweme/v1/playwm/?video_id=v0200fbf0000bt8nuaevamb718qchkt0∶=720p&line=0
mr-森林,https://www.iesdouyin.com/aweme/v1/playwm/?video_id=v0300fg10000c2ofpk3c77u6arm34eeg∶=720p&line=0
林韵乔/叶梓晴-机场北,https://www.iesdouyin.com/aweme/v1/playwm/?video_id=v0200fg10000cp32qpjc77uf5eu3igtg∶=720p&line=0
麦浚龙-耿耿于怀,https://www.iesdouyin.com/aweme/v1/playwm/?video_id=v0200fg10000cf2gn93c77uam6kuerdg∶=720p&line=0
菊梓乔-忘掉我自己,https://www.iesdouyin.com/aweme/v1/playwm/?video_id=v0300fg10000cr7ia6vog65n4msgpru0∶=720p&line=0
吴若希-越难越爱,https://www.iesdouyin.com/aweme/v1/playwm/?video_id=v0300fg10000chcdhdfog65g2p9hdi7g∶=720p&line=0
吴若希-爱要撑下去,https://www.iesdouyin.com/aweme/v1/playwm/?video_id=v0200fg10000cdm727rc77u3lnlca32g∶=720p&line=0
吴若希-错过了,https://www.iesdouyin.com/aweme/v1/playwm/?video_id=v0300fg10000cton3mvog65nv5hqgf50∶=720p&line=0
区文诗-不只爱情,https://www.iesdouyin.com/aweme/v1/playwm/?video_id=v0300fg10000csl1fqnog65lrb9gntd0∶=720p&line=0
邓岳章-不做情人,https://www.iesdouyin.com/aweme/v1/playwm/?video_id=v0200fg10000cfrhffjc77ua9ospmb0g∶=720p&line=0
何仟仟-魔鬼邂逅,https://www.iesdouyin.com/aweme/v1/playwm/?video_id=v0300fg10000c9i1th3c77u5pdfcatng∶=720p&line=0
邓紫棋-17首合集,https://www.iesdouyin.com/aweme/v1/playwm/?video_id=v0d00fg10000cucbtmfog65l35tmqu7g∶=720p&line=0
陈婉箐-不负众望,https://www.iesdouyin.com/aweme/v1/playwm/?video_id=v0200fg10000cu95487og65l3i02957g∶=720p&line=0
飞儿乐团-月牙湾,https://www.iesdouyin.com/aweme/v1/playwm/?video_id=v0d00fg10000c4tmklbc77u4upig9730∶=720p&line=0
飞儿乐团-lydia,https://www.iesdouyin.com/aweme/v1/playwm/?video_id=v1e00fgi0000cu0hhh7og65rn9pfdt0g∶=720p&line=0
飞儿乐团-我们的爱,https://www.iesdouyin.com/aweme/v1/playwm/?video_id=v0300fg10000c895oo3c77ud27p9ic50∶=720p&line=0
飞儿乐团-你的微笑,https://www.iesdouyin.com/aweme/v1/playwm/?video_id=v0200fg10000c9t0f8rc77u1ksr5jbj0∶=720p&line=0
飞儿乐团/彭佳慧-心之火,https://www.iesdouyin.com/aweme/v1/playwm/?video_id=v0300fg10000cvhd32vog65lgnkfuh30∶=720p&line=0
任然-飞鸟和蝉,https://www.iesdouyin.com/aweme/v1/playwm/?video_id=v0300fg10000chgciibc77u4m8k4edog∶=720p&line=0
sweety-樱花草,https://www.iesdouyin.com/aweme/v1/playwm/?video_id=v0300fg10000c9rreibc77u0n5mpg0o0∶=720p&line=0
黑girl-123木头人,https://www.iesdouyin.com/aweme/v1/playwm/?video_id=v1e00fgi0000d458thnog65ra7c0c9fg∶=720p&line=0
许绍洋-花香,https://www.iesdouyin.com/aweme/v1/playwm/?video_id=v0200f290000bt10bsspfrfvn0rsvfhg∶=720p&line=0
F4-流星雨,https://www.iesdouyin.com/aweme/v1/playwm/?video_id=v0300fg10000ctps9ffog65q3ledq7i0∶=720p&line=0
F4-决不能失去你,https://www.iesdouyin.com/aweme/v1/playwm/?video_id=v0200fg10000clpfsjbc77u46m77t630∶=720p&line=0
王蓝茵-恶作剧,https://www.iesdouyin.com/aweme/v1/playwm/?video_id=v0300fg10000ciocl7jc77u2jkq998s0∶=720p&line=0
杨丞琳-暧昧,https://www.iesdouyin.com/aweme/v1/playwm/?video_id=v0200fg10000cncatmbc77ufr0d46jsg∶=720p&line=0
杨丞琳-雨爱,https://www.iesdouyin.com/aweme/v1/playwm/?video_id=v0300fg10000c25llp3c77uemntbq6o0∶=720p&line=0
杨丞琳-匿名的好友,https://www.iesdouyin.com/aweme/v1/playwm/?video_id=v0200fg10000cdjohqjc77u3hrvhg3lg∶=720p&line=0
蔡旻佑-我可以,https://www.iesdouyin.com/aweme/v1/playwm/?video_id=v0300fg10000c70vjubc77u9ubc7ofdg∶=720p&line=0
罗志祥-爱转角,https://www.iesdouyin.com/aweme/v1/playwm/?video_id=v0300fg10000cjn0p03c77u6rj0bkt80∶=720p&line=0
罗志祥-爱不单行,https://www.iesdouyin.com/aweme/v1/playwm/?video_id=v0d00fg10000ck0eshjc77uf7o7ivnpg∶=720p&line=0
萧亚轩-爱的主打歌,https://www.iesdouyin.com/aweme/v1/playwm/?video_id=v0200fg10000ca3eb8rc77ub0tj3kl2g∶=720p&line=0
萧亚轩-遗失的心跳,https://www.iesdouyin.com/aweme/v1/playwm/?video_id=v0200fg10000ck491ufog65vq1gb76i0∶=720p&line=0
萧亚轩-突然想起你,https://www.iesdouyin.com/aweme/v1/playwm/?video_id=v0d00fg10000cr2kg7vog65lkksge090∶=720p&line=0
萧亚轩-错的人,https://www.iesdouyin.com/aweme/v1/playwm/?video_id=v0200fd00000br0711gi8qol0f2n3720∶=720p&line=0
蓝又时-孤单心事,https://www.iesdouyin.com/aweme/v1/playwm/?video_id=v0300fg10000cr897onog65sgcniupd0∶=720p&line=0
梁静茹-没有如果,https://www.iesdouyin.com/aweme/v1/playwm/?video_id=v0300fg10000crofuu7og65j64cj0thg∶=720p&line=0
青山黛玛-留在我身边,https://www.iesdouyin.com/aweme/v1/playwm/?video_id=v0d00fg10000caf9b1jc77u3vnrog8mg∶=720p&line=0
卓文萱/曹格-梁山伯与朱丽叶,https://www.iesdouyin.com/aweme/v1/playwm/?video_id=v0200fg10000ckd02j3c77uc41nk2co0∶=720p&line=0
何润东-我记得我爱过,https://www.iesdouyin.com/aweme/v1/playwm/?video_id=v0d00fg10000cm12qa3c77u3pbdnrr00∶=720p&line=0
张芸京-偏爱,https://www.iesdouyin.com/aweme/v1/playwm/?video_id=v1e00fgi0000csmuo9fog65j08392110∶=720p&line=0
张韶涵-无名的人,https://www.iesdouyin.com/aweme/v1/playwm/?video_id=v0200fg10000ctari87og65ksgs0rnpg∶=720p&line=0
张韶涵-12首合集,https://www.iesdouyin.com/aweme/v1/playwm/?video_id=v0d00fg10000ct7cdovog65o09j282vg∶=720p&line=0
女孩DJ,https://www.iesdouyin.com/aweme/v1/playwm/?video_id=v1e00fgi0000d2aa0qfog65vmvgg5sjg∶=720p&line=0
gamgamDJ,https://www.iesdouyin.com/aweme/v1/playwm/?video_id=v0200fg10000cr8r23nog65mnbf3616g∶=720p&line=0
离开我的依赖DJ,https://www.iesdouyin.com/aweme/v1/playwm/?video_id=v1e00fgi0000d2hio3nog65lre771jt0∶=720p&line=0
游京DJ,https://www.iesdouyin.com/aweme/v1/playwm/?video_id=v0d00fg10000cu2h3qvog65irkuioh50∶=720p&line=0
游京女版DJ,https://www.iesdouyin.com/aweme/v1/playwm/?line=0&logo_name=aweme_diversion_search∶=720p&video_id=v2700fgi0000d4l0kifog65jh64e9670
爱是一场梦DJ,https://www.iesdouyin.com/aweme/v1/playwm/?video_id=v0200fg10000csppmffog65uhi36ibtg∶=720p&line=0
蚂蚁牙嘿,https://www.iesdouyin.com/aweme/v1/playwm/?video_id=v0200fg10000c98qrmbc77ucqknl90ag∶=720p&line=0
上帝是女孩DJ,https://www.iesdouyin.com/aweme/v1/playwm/?video_id=v0200fg10000chhlaijc77u2jkqvf1h0∶=720p&line=0
拉拉爱英文版,https://www.iesdouyin.com/aweme/v1/playwm/?video_id=v1e00fgi0000cvaf6cnog65vestq92k0∶=720p&line=0
sound of my dream,https://www.iesdouyin.com/aweme/v1/playwm/?video_id=v0300fg10000cu8hr8fog65sbnn5265g∶=720p&line=0
by my side DJ,https://www.iesdouyin.com/aweme/v1/playwm/?video_id=v0200fg10000cg6q69jc77u50fea8qog∶=720p&line=0
lonely DJ,https://www.iesdouyin.com/aweme/v1/playwm/?video_id=v0300fg10000c34cmjq90k9n62f21tfg∶=720p&line=0
胜利之舞Dj,https://www.iesdouyin.com/aweme/v1/playwm/?video_id=v0d00fg10000cv9rjm7og65g7nltudt0∶=720p&line=0
经典粤语DJ私人订制,https://www.iesdouyin.com/aweme/v1/playwm/?video_id=v0d00fg10000crdl34vog65v7e9of17g∶=720p&line=0
全粤语8090经典劲爆DJ,https://www.iesdouyin.com/aweme/v1/playwm/?video_id=v0200fg10000cnamtabc77u54nj2kh6g∶=720p&line=0
粤语打碟现场串烧DJ,https://www.iesdouyin.com/aweme/v1/playwm/?video_id=v0d00fg10000crom7dnog65uq525ar4g∶=720p&line=0
Electro风格全粤语女声串烧DJ,https://www.iesdouyin.com/aweme/v1/playwm/?video_id=v1e00fgi0000ct65p5fog65r7qkgveu0∶=720p&line=0
全粤语Club风格汽车慢摇串烧DJ,http://www.iesdouyin.com/aweme/v1/playwm/?video_id=v0200fg10000cpp7b2nog65rhkqq6tpg
粤语伤感情歌嗨曲串烧DJ,https://www.iesdouyin.com/aweme/v1/playwm/?video_id=v0300fg10000cph1etnog65mpr23b990∶=720p&line=0
全粤语女声深情DJ串烧,https://www.iesdouyin.com/aweme/v1/playwm/?video_id=v0d00fg10000ctbb4kvog65q67op5tug∶=720p&line=0
海先生B001Dj串烧,https://www.iesdouyin.com/aweme/v1/playwm/?video_id=v0200fg10000cvg46evog65uaon0vs10∶=720p&line=0
粤语经典重温DJ,https://www.iesdouyin.com/aweme/v1/playwm/?video_id=v0d00fg10000cp06gijc77ue69pt0spg∶=720p&line=0
全粤语港台经典老歌DJ,https://www.iesdouyin.com/aweme/v1/playwm/?video_id=v0200fg10000cs5om8nog65vrmmn2g4g∶=720p&line=0
无言感激DJ,https://www.iesdouyin.com/aweme/v1/playwm/?video_id=v0200fg10000ctqjasfog65pch7akso0∶=720p&line=0
全粤语女声失恋治愈串烧,https://www.iesdouyin.com/aweme/v1/playwm/?video_id=v1e00fgi0000ct7hj5vog65n714a1fd0∶=720p&line=0
全英文洗脑神曲dj串烧,https://www.iesdouyin.com/aweme/v1/playwm/?video_id=v0300fg10000ctpdosvog65ofsrkov0g∶=720p&line=0
抖音流行DJ串烧,https://www.iesdouyin.com/aweme/v1/playwm/?video_id=v0300fg10000cppi1hvog65mc9vujp30∶=720p&line=0
精选粤语dj串烧,https://www.iesdouyin.com/aweme/v1/playwm/?video_id=v0300fg10000cpucv77og65tcsi9n2hg∶=720p&line=0
顺德DJLwei-全英文Electro音乐百听不厌APT经典金曲DJ串烧,https://mp4.djuu.com/c2/17/2025/78486efeb94e7f79.m4a
思南Dj禹豪-全英文Electro精选Right Now经典包房慢摇串烧,https://mp4.djuu.com/c2/17/2024/048c01b9d4f5dc5b.m4a
中山Dj添仔-全粤语Electro风格90后热播远途望出车外串烧,https://mp4.djuu.com/c2/16/2025/b32dcc1dc2767643.m4a
阳山辉仔-全粤语Electro音乐打造粤E173AJ车载,https://mp4.djuu.com/c2/16/2025/0cdb0fe9277a48f4.m4a
Dj柏豪-全粤语Electro音乐我的骄傲16号爱人Dj星仔专属串烧,https://mp4.djuu.com/c2/16/2025/fc06603b2c9c6a24.m4a
Dj钟仔-全粤语Electro风格港台情歌对碰吴雨霏vs关心妍DJ串烧,https://mp4.djuu.com/c2/16/2025/0c30fc654c36ebe2.m4a
仙村Dj健仔-全粤语Electro音乐中文流行热播车载DJ慢摇串烧,https://mp4.djuu.com/c2/16/2025/b0cd93e548b83c5f.m4a
郁南DJ筱何-全粤语Electro音乐精选个人开始恋爱的DJ串烧,https://mp4.djuu.com/c2/16/2025/0b6860ae467410a1.m4a
DJ小超-全粤语Electro音乐精选2025经典宝丽金DJ慢摇串烧,https://mp4.djuu.com/c2/16/2025/a65d68e2c7ca00ac.m4a
Dj维少-全粤语Electro精选苦情人情歌高音质DJ车载串烧,https://mp4.djuu.com/c2/16/2025/38470f92aff3f280.m4a
DJ傑少-全粤语Electro音乐结他恋爱如何天平坐劲爆DJ串烧,https://mp4.djuu.com/c2/16/2025/8ffc09282d550467.m4a
Dj维少-全粤语Electro音乐精选16号爱人高音质车载串烧,https://mp4.djuu.com/c2/16/2025/e013a85c41c6c479.m4a
DjMut-全粤语Electro精选广东小丸子vs广西科目老表串烧,https://mp4.djuu.com/c2/16/2025/df52073c940e645f.m4a
天心Dj炜-全粤语Electro音乐飞花细界经典港风DJ串烧,https://mp4.djuu.com/c2/16/2025/717718324a98d401.m4a
DJ珺宝-全粤语Electro音乐抖音热播全女声专辑车载串烧,https://mp4.djuu.com/c2/16/2025/154b9db16b9c2203.m4a
天心Dj炜-全粤语Electro音乐打造百听不厌包房必备Hi串,https://mp4.djuu.com/c2/16/2025/994ed34bb17d07db.m4a
刘波-全粤语Electro音乐打造百听不厌车载v79串烧,https://mp4.djuu.com/c2/16/2025/54d15d8040f8256f.m4a
DJ傑少-全粤语Electro音乐受够我的骄傲全女声动感DJ串烧,https://mp4.djuu.com/c2/16/2025/72ad9cbcca850695.m4a
DjErwin-全粤语Electro音乐不只爱情粤式情歌劲爆DJ串烧,https://mp4.djuu.com/c2/16/2025/4331430d1d6a6b5e.m4a
DJ伦少-全粤语Electro超正喜爱夜蒲Woerland全女生串烧,https://mp4.djuu.com/c2/16/2026/4583210357701894.m4a
DjMcYummy-全粤语Electro音乐纷花游乐场不只爱情港台串烧,https://mp4.djuu.com/c2/16/2026/2813bff6a8388701.m4a
DJ傑少-全粤语Electro音乐谢谢对不起幻想已醒劲爆 DJ串烧,https://mp4.djuu.com/c2/16/2026/8c57a69300a7f7bb.m4a
DJ369-全粤语Electro音乐打造廿四味鬼佬凉茶包房上头串烧,https://mp4.djuu.com/c2/16/2026/9282f410b5437e16.m4a
恩平DJ基仔-全粤语Electro音乐港式潮流越听越正DJ慢摇串烧,https://mp4.djuu.com/c2/16/2026/ded571d03559a9ae.m4a
DJVinCent-全粤语Electro港台女声唱K必点粤听粤过瘾DJ串烧,https://mp4.djuu.com/c2/16/2026/b355cd7e4ac8489d.m4a
Nevada,https://www.iesdouyin.com/aweme/v1/playwm/?video_id=v0300ff30000but4f2452a13sf6temog∶=720p&line=0
Unstoppable,https://www.iesdouyin.com/aweme/v1/playwm/?video_id=v0200fg10000ce4av3bc77u7mqoje2kg∶=720p&line=0
once upon a time,https://www.iesdouyin.com/aweme/v1/playwm/?video_id=v0200fg10000cumt1mfog65krksdg31g∶=720p&line=0
faded,https://www.iesdouyin.com/aweme/v1/playwm/?video_id=v0d00fg10000ctbhakfog65pugm8msu0∶=720p&line=0
sing me to sleep,https://www.iesdouyin.com/aweme/v1/playwm/?video_id=v0200fg10000clhho2fog65otdj4luag∶=720p&line=0
alone,https://www.iesdouyin.com/aweme/v1/playwm/?video_id=v0300fff0000bugiemqsocvbkm7ilit0∶=720p&line=0
the spectre,https://www.iesdouyin.com/aweme/v1/playwm/?video_id=v0200fg10000ctv3ntnog65htc7dg9k0∶=720p&line=0
oao-wake,https://www.iesdouyin.com/aweme/v1/playwm/?video_id=v0d00fg10000cssap9fog65j9je20u7g∶=720p&line=0
wake,https://www.iesdouyin.com/aweme/v1/playwm/?video_id=v0200fg10000c9pk6hbc77u57r42sd9g∶=720p&line=0
baby,https://www.iesdouyin.com/aweme/v1/playwm/?video_id=v1e00fgi0000ctq63sfog65oesmmlnfg∶=720p&line=0
move up,https://www.iesdouyin.com/aweme/v1/playwm/?video_id=v0300f6d0000c1110e3c60j1d8ttn99g∶=720p&line=0
summer air,https://www.iesdouyin.com/aweme/v1/playwm/?line=0&logo_name=aweme_diversion_search∶=720p&video_id=v0200fg10000cm20flnog65j08qqtmh0
take me hand,https://www.iesdouyin.com/aweme/v1/playwm/?video_id=v0200fg10000clnfk87og65tv4479500∶=720p&line=0
normal no more,https://www.iesdouyin.com/aweme/v1/playwm/?video_id=v0d00fg10000civ51krc77uceq9j09o0∶=720p&line=0
monsters,https://www.iesdouyin.com/aweme/v1/playwm/?video_id=v0300fg10000cl270lfog65hf7m2f3j0∶=720p&line=0
run free,https://www.iesdouyin.com/aweme/v1/playwm/?video_id=v0300fg10000c6bn043c77u9bihknaj0∶=720p&line=0
remember our summer,https://www.iesdouyin.com/aweme/v1/playwm/?line=0&logo_name=aweme_diversion_search∶=720p&video_id=v0200fg10000cocdiqjc77u8mnj0qmgg
lovefool,https://www.iesdouyin.com/aweme/v1/playwm/?video_id=v0200f0c0000c0air5omu7ok6882l380∶=720p&line=0
take me to infinity,https://www.iesdouyin.com/aweme/v1/playwm/?video_id=v0300f2d0000c00mcdk080ke0g3td2eg∶=720p&line=0
call me now,https://www.iesdouyin.com/aweme/v1/playwm/?video_id=v0300fg10000crh7kdvog65s0rf9jp3g∶=720p&line=0
reality,https://www.iesdouyin.com/aweme/v1/playwm/?video_id=v0300f080000c02l8d5f84f3ru33id50∶=720p&line=0
love story,https://www.iesdouyin.com/aweme/v1/playwm/?video_id=v0200f410000buj6ial4q2a6rctrcdv0∶=720p&line=0
Love story,https://www.iesdouyin.com/aweme/v1/playwm/?video_id=v0300fg10000cosdf4bc77uf5rjg3770∶=720p&line=0
窒Suffocating,https://www.iesdouyin.com/aweme/v1/playwm/?video_id=v1e00fgi0000cugku9vog65immg30nmg∶=720p&line=0
时代进行曲,https://www.iesdouyin.com/aweme/v1/playwm/?video_id=v0200fg10000cujiftvog65jokluhvng∶=720p&line=0
that girl,https://www.iesdouyin.com/aweme/v1/playwm/?video_id=v0200fg10000cl1ot2fog65otdmkp0t0∶=720p&line=0
stronger,https://www.iesdouyin.com/aweme/v1/playwm/?video_id=v0200fg10000c63kkorc77u71r5ch5o0∶=720p&line=0
god is a girl,https://www.iesdouyin.com/aweme/v1/playwm/?video_id=v0200fg10000cl4vjifog65htupeja50∶=720p&line=0
because of you,https://www.iesdouyin.com/aweme/v1/playwm/?video_id=v0300fg10000cn5vg13c77u9kllf7rng∶=720p&line=0
hero,https://www.iesdouyin.com/aweme/v1/playwm/?line=0&logo_name=aweme_diversion_search∶=720p&video_id=v0200f040000bvqofe74s1nnb5npm2mg
please dont go,https://www.iesdouyin.com/aweme/v1/playwm/?video_id=v0200f180000bvco837d9i7eq4ai1jmg∶=720p&line=0
sweet but psycho,https://www.iesdouyin.com/aweme/v1/playwm/?video_id=v0300fg10000c7hnn53c77uej28ntkig∶=720p&line=0
way back,https://www.iesdouyin.com/aweme/v1/playwm/?video_id=v0200fg10000c4gdkrbc77u8ohrj50n0∶=720p&line=0
anyone of us,https://www.iesdouyin.com/aweme/v1/playwm/?video_id=v0300faf0000c08j4u35esuptakp4ltg∶=720p&line=0
diamonds,https://www.iesdouyin.com/aweme/v1/playwm/?video_id=v0200fe40000bvm4vsl2kepgd0uu7i50∶=720p&line=0
moves like jagger,https://www.iesdouyin.com/aweme/v1/playwm/?video_id=v0300fb10000bvesniikbj343hhac8eg∶=720p&line=0
wakawaka,https://www.iesdouyin.com/aweme/v1/playwm/?video_id=v0300fbe0000buqeue7bs17qid7thla0∶=720p&line=0
Colbie Caillat-Try,https://www.iesdouyin.com/aweme/v1/playwm/?video_id=v0d00fg10000ckblmvrc77u7sbpm2vjg∶=720p&line=0
pink-try,https://www.iesdouyin.com/aweme/v1/playwm/?video_id=v0d00fg10000ctft5s7og65u0hdbnig0∶=720p&line=0
natural,https://www.iesdouyin.com/aweme/v1/playwm/?video_id=v0300fg10000caj6qnrc77u88k20m8jg∶=720p&line=0
rolling in the deep,https://www.iesdouyin.com/aweme/v1/playwm/?video_id=v1e00fgi0000ct11konog65sgjaem0n0∶=720p&line=0
apologize,https://www.iesdouyin.com/aweme/v1/playwm/?video_id=v0300f2b0000btoqjanm1ok3lil6c8f0∶=720p&line=0
salt,https://www.iesdouyin.com/aweme/v1/playwm/?video_id=v1e00fgi0000cstvnkfog65p72v2jrrg∶=720p&line=0b
hymn  for the weekend,https://www.iesdouyin.com/aweme/v1/playwm/?video_id=v0300f360000bv64mkrphouv4f2o1kpg∶=720p&line=0
see you again,https://www.iesdouyin.com/aweme/v1/playwm/?video_id=v0200f3e0000bt8c30sebj9j64kkop2g∶=720p&line=0
right now,https://www.iesdouyin.com/aweme/v1/playwm/?video_id=v0200f4e0000bs8n4m6fbk5pph8knf2g∶=720p&line=0
something just like this,https://www.iesdouyin.com/aweme/v1/playwm/?video_id=v0d00fg10000cs4hhsvog65kgk2fa28g∶=720p&line=0
umbrella,https://www.iesdouyin.com/aweme/v1/playwm/?video_id=v0300fg10000c75hnj3c77uboleql2vg∶=720p&line=0
legends never die,https://www.iesdouyin.com/aweme/v1/playwm/?video_id=v0300fff0000bujdacisocvbkm7qhtqg∶=720p&line=0
love the way you lie,https://www.iesdouyin.com/aweme/v1/playwm/?video_id=v0300fg10000csk8qsvog65nldrobpag∶=720p&line=0
lone Ranger,https://www.iesdouyin.com/aweme/v1/playwm/?video_id=v0200fg10000c67opt3c77u4kb9gjuu0∶=720p&line=0
insomnia,https://www.iesdouyin.com/aweme/v1/playwm/?video_id=v0200fg10000cmso8mjc77u3n6klkh40∶=720p&line=0
Victory,https://www.iesdouyin.com/aweme/v1/playwm/?video_id=v0200f310000bt8c32klftubd6erb6ig∶=720p&line=0
Star Sky,https://www.iesdouyin.com/aweme/v1/playwm/?video_id=v0300f9c0000bt8c32me4f98gqkmvu00∶=720p&line=0
shape of you,https://www.iesdouyin.com/aweme/v1/playwm/?video_id=v0200f060000bsvqd8hl43bkt6rc4sv0∶=720p&line=0
booty music,https://www.iesdouyin.com/aweme/v1/playwm/?video_id=v0d00fg10000cjm702jc77ue24dr770g∶=720p&line=0
far away from home,https://www.iesdouyin.com/aweme/v1/playwm/?video_id=v0200fg10000ca1ttbrc77u57r2ktc0g∶=720p&line=0
move your body,https://www.iesdouyin.com/aweme/v1/playwm/?video_id=v0200fg10000clkl27bc77u100fn3qo0∶=720p&line=0
shots,https://www.iesdouyin.com/aweme/v1/playwm/?video_id=v1e00fgi0000ctqgk5vog65vl902jf8g∶=720p&line=0
we don't talk anymore,https://www.iesdouyin.com/aweme/v1/playwm/?video_id=v0200fg10000cfb0e4bc77u38s842ah0∶=720p&line=0
call me maybe,https://www.iesdouyin.com/aweme/v1/playwm/?video_id=v0300fg10000csl040fog65p2l58uqdg∶=720p&line=0
the day you went away,https://www.iesdouyin.com/aweme/v1/playwm/?video_id=v0d00fg10000crchtlnog65ud12ifgd0∶=720p&line=0
bad romance,https://www.iesdouyin.com/aweme/v1/playwm/?video_id=v0200fg10000cv55iuvog65uhoogkirg∶=720p&line=0
the cure,https://www.iesdouyin.com/aweme/v1/playwm/?video_id=v0200fg10000ctc4cd7og65hrog41isg∶=720p&line=0
i want you to know,https://www.iesdouyin.com/aweme/v1/playwm/?video_id=v0200fg10000cvn75nnog65u3q261730∶=720p&line=0
Love You like a Love Song,https://www.iesdouyin.com/aweme/v1/playwm/?video_id=v0200fg10000cnbjh5rc77u8no9th78g∶=720p&line=0
wolves,https://www.iesdouyin.com/aweme/v1/playwm/?video_id=v0200f3e0000bt8c32cebj9j64kkp230∶=720p&line=0
Reality,https://www.iesdouyin.com/aweme/v1/playwm/?video_id=v0200fb00000bup46gpu718r2jkqr92g∶=720p&line=0
You Don't Know me,https://www.iesdouyin.com/aweme/v1/playwm/?video_id=v0200ffd0000bughtrht4rmmsdcm6fu0∶=720p&line=0
I do,https://www.iesdouyin.com/aweme/v1/playwm/?video_id=v0200f260000bu416dd6mgceo9a0ume0∶=720p&line=0
Free Loop,https://www.iesdouyin.com/aweme/v1/playwm/?video_id=v0200fd90000bu2n37d2kepoqmgibfng∶=720p&line=0
good time,https://www.iesdouyin.com/aweme/v1/playwm/?video_id=v0300f0e0000btpfugg6de4h3n78ccig∶=720p&line=0
Talking to the moon,https://www.iesdouyin.com/aweme/v1/playwm/?video_id=v0300f0e0000btktaso6de4h3n6m8mug∶=720p&line=0
That's Why You Go Away,https://www.iesdouyin.com/aweme/v1/playwm/?video_id=v0300f2b0000btjbvrnm1ok3likh5big∶=720p&line=0
Nothing's gonna change my love for you,https://www.iesdouyin.com/aweme/v1/playwm/?video_id=v0200f680000btisjnvh3f2dgbhasf6g∶=720p&line=0
Burning,https://www.iesdouyin.com/aweme/v1/playwm/?video_id=v0300f2b0000bti8l4nm1ok3like33ag∶=720p&line=0
My Love,https://www.iesdouyin.com/aweme/v1/playwm/?video_id=v0200f050000bt8c30ibn0fk5akcthh0∶=720p&line=0
Trouble Is a Friend,https://www.iesdouyin.com/aweme/v1/playwm/?video_id=v0300fg10000ce4sahbc77u86e1eone0∶=720p&line=0
fire,https://www.iesdouyin.com/aweme/v1/playwm/?video_id=v0300f7e0000bt9epjpk950m5pm5itog∶=720p&line=0
Cry On My Shoulder,https://www.iesdouyin.com/aweme/v1/playwm/?video_id=v0200f560000bt8c31an6tf9cl2gpmsg∶=720p&line=0
Dance Monkey,https://www.iesdouyin.com/aweme/v1/playwm/?video_id=v0200f310000bt8c334lftubd6erba3g∶=720p&line=0
heartbeats,https://www.iesdouyin.com/aweme/v1/playwm/?video_id=v0300fg10000clm5h5vog65n7m96h5o0∶=720p&line=0
here with me,https://www.iesdouyin.com/aweme/v1/playwm/?video_id=v0300fg10000cl898rnog65i0hbffnv0∶=720p&line=0
moshi moshi,https://www.iesdouyin.com/aweme/v1/playwm/?video_id=v0200fg10000cl4vd2vog65v766s3lag∶=720p&line=0
until you,https://www.iesdouyin.com/aweme/v1/playwm/?video_id=v0200fg10000cl2e71fog65v764v4ibg∶=720p&line=0
as long as you love me,https://www.iesdouyin.com/aweme/v1/playwm/?video_id=v0300fg10000cl271gfog65vcqh4qbq0∶=720p&line=0
dancing with your ghost,https://www.iesdouyin.com/aweme/v1/playwm/?line=0&logo_name=aweme_diversion_search∶=720p&video_id=v1e00fgi0000ctf6s1vog65kfs6o3iq0
Creepin' Up On You,https://www.iesdouyin.com/aweme/v1/playwm/?video_id=v0200fg10000cq5ji0vog65vhisof6m0∶=720p&line=0
Dilemma,https://www.iesdouyin.com/aweme/v1/playwm/?video_id=v0200fg10000cq4uhjvog65ui5mm0pcg∶=720p&line=0
Anyone Of Us,https://m.douyin.com/aweme/v1/playwm/?video_id=v0200fg10000cq49ctvog65h6153dks0∶=720p&line=0
Pretty Boy,https://www.iesdouyin.com/aweme/v1/playwm/?video_id=v0200fg10000cpv0lcnog65imtn4isig∶=720p&line=0
poker face,https://www.iesdouyin.com/aweme/v1/playwm/?line=0&logo_name=aweme_diversion_search∶=720p&video_id=v0200fg10000cpoe5uvog65h83t50rsg
Please Don't Go,https://www.iesdouyin.com/aweme/v1/playwm/?video_id=v0200fg10000cpl46avog65gueg43ogg∶=720p&line=0
this Is what you came for,https://www.iesdouyin.com/aweme/v1/playwm/?video_id=v0200fg10000cpeh6v7og65u1fbjqs9g∶=720p&line=0
I Wanted You,https://www.iesdouyin.com/aweme/v1/playwm/?video_id=v0200fg10000cpchumnog65q36id9o10∶=720p&line=0
Dusk Till Dawn,https://www.iesdouyin.com/aweme/v1/playwm/?video_id=v0200fg10000cp9tgnnog65mqc12febg∶=720p&line=0
outside,https://www.iesdouyin.com/aweme/v1/playwm/?video_id=v0200fg10000cp8jcdnog65ic6gplqf0∶=720p&line=0
Fool for you,https://www.iesdouyin.com/aweme/v1/playwm/?video_id=v0200fg10000cp79alnog65ukeu0tka0∶=720p&line=0
TiK ToK,https://www.iesdouyin.com/aweme/v1/playwm/?video_id=v0200fg10000cp3amqjc77u4t8chnn9g∶=720p&line=0
Alone-marshmello,https://www.iesdouyin.com/aweme/v1/playwm/?video_id=v0200f290000brtup22lsr1a6l8qmgn0∶=720p&line=0
Sold Out,https://www.iesdouyin.com/aweme/v1/playwm/?video_id=v0200fg10000coop9krc77u2ah4aikq0∶=720p&line=0
By Your side,https://www.iesdouyin.com/aweme/v1/playwm/?line=0&logo_name=aweme_diversion_search∶=720p&video_id=v0200fg10000cohhg2bc77u7p44oqrsg
One Last Time,https://www.iesdouyin.com/aweme/v1/playwm/?video_id=v0200fg10000co6atujc77u007hc7bs0∶=720p&line=0
i want you to know,https://www.iesdouyin.com/aweme/v1/playwm/?video_id=v0d00fg10000cl46f1jc77udgi44b3cg∶=720p&line=0
Nothin' on me,https://www.iesdouyin.com/aweme/v1/playwm/?video_id=v0200fg10000cmm6k83c77u8g6f05uf0∶=720p&line=0
Dancer in the dark,https://www.iesdouyin.com/aweme/v1/playwm/?video_id=v0200fg10000c7qaabrc77ucr5apups0∶=720p&line=0
phut hon,https://www.iesdouyin.com/aweme/v1/playwm/?video_id=v0300fg10000coms82jc77u4flecs0bg∶=720p&line=0
Like I Love you,https://www.iesdouyin.com/aweme/v1/playwm/?video_id=v0200fg10000cj9sd4fog65k6lhdmrp0∶=720p&line=0
Play,https://www.iesdouyin.com/aweme/v1/playwm/?video_id=v0300fg10000ca5nc43c77u72ekj6rpg∶=720p&line=0
I'll Do It,https://www.iesdouyin.com/aweme/v1/playwm/?video_id=v0d00fg10000ch9m0jjc77u31dq1i4b0∶=720p&line=0
touch,https://www.iesdouyin.com/aweme/v1/playwm/?video_id=v0200fg10000cmhn50rc77ucfc970np0∶=720p&line=0
closer,https://www.iesdouyin.com/aweme/v1/playwm/?video_id=v0200fg10000c6c60frc77u7j9o2ecs0∶=720p&line=0
盗源狗si全家 全家下地狱
QQ群,1
1084023630,1
扫码进群,https://pan.vma.cc/pan/v/41ebd0ffd333d4fc95af228ef81b2e3a?ext=mp4
永久免费,3
换安卓9盒子,7
东方卫视4K,https://bp-resource-dfl.bestv.cn/148/3/video.m3u8
东方卫视4K,http://go.bkpcp.top/mg/dfws
浙江卫视4K,http://ali-xwl.cztv.com/live/channel4k2160p.m3u8
浙江卫视4K,http://go.bkpcp.top/mg/zjws
苏州4K,https://tylive.kan0512.com/norecord/csztv4k_4k.m3u8
河北4K,https://event.pull.hebtv.com:443/live/live101.m3u8
苏州修复4K,http://106.53.99.30/tv/api.php?id=sztv4k
河北电视4K,http://106.53.99.30/tv/api.php?id=hebtv4k
广州南国都市4K,http://tencentplaygsm.gztv.com/live/nanguodushi.m3u8
TVB plus备,https://vdm6-hw.nbgdsygs.com/live/h6-2.flv
新澳门直播,https://play3636.zdwafis.com/live/mosixmark.flv
老澳门直播,https://vdm6-ali.hrypl168.com/live/a6.flv
2026功夫女足,https://v.lfthirtytwo.com/20260723/8846_f4084a75/index.m3u8
2026功夫 女足,https://v.fengbao11.com/video/gongfunvzu/618845436188/index.m3u8
2026 功夫女足,https://vip.dytt-network.com/20260723/36526_9c21455c/index.m3u8
2026八仙,http://111.229.219.148:808/Cache/lzgg/7a367b98744276dba9ea2844bf13ab1e.m3u8
2019哪吒之魔童降世,http://111.229.219.148:808/Cache/lzgg/67f35a41a439e00540d0d88f62d3d56a.m3u8
2025哪吒之魔童闹海,https://play.modujx11.com/20250802/Cha4M4YU/index.m3u8
2016美人鱼,https://cdn1.ryplay1.com/20240910/7734_c602d62b/index.m3u8
2001少林足球,https://vip.lzcdn2.com/20220521/7147_3b73302c/index.m3u8
2004功夫,https://cdn1.ryplay1.com/20240910/7703_9dc7d493/index.m3u8
1997家有喜事,https://cdn7.ryplay7.com/20250208/10599_69233b69/index.m3u8
1996食神,https://play.modujx15.com/20240826/pUDgrWmX/index.m3u8
1994破坏之王,https://cdn7.ryplay7.com/20240915/380_11f89ab4/index.m3u8
1994九品芝麻官,https://vip.dytt-live.com/20250330/2684_7c4bf50b/index.m3u8
1993唐伯虎点秋香,https://vip.dytt-film.com/20250311/12292_2fdf132b/index.m3u8
1993逃学威龙3之龙过鸡年,https://play.modujx15.com/20240825/VgswEazn/index.m3u8
1992鹿鼎记2神龙教,https://play.modujx16.com/20240830/hhzZN6Th/index.m3u8
1991逃学威龙,https://vip.dytt-film.com/20250311/12297_35fcfa9e/index.m3u8
1990赌侠,https://play.modujx11.com/20241224/mBSx76B4/index.m3u8
翡翠台4K(字幕),https://cdn3.indevs.in/stream/tvb/fct4k/
翡翠台,https://cdn6.cc.cd/163189/fct
翡翠台(字幕),https://cdn3.indevs.in/stream/tvb/fct/
明珠台(字幕),https://cdn3.indevs.in/stream/tvb/mzt/
无线新闻台,https://cdn6.cc.cd/163189/wxxwt
无线新闻台,https://cdn6.cc.cd/163189/wxxw
TVB Plus(字幕),https://cdn3.indevs.in/stream/tvb/tvbp/
HOY TV,https://cdn6.cc.cd/163189/hoy
HOY TV,https://fast.hidns.vip/163189/hoy
HOY资讯台,https://fast.hidns.vip/163189/hoy78
HOY国际财经台,https://cdn11.163189.xyz/163189/hoy76
ViuTV,https://10.fast.hidns.vip/163189/viu/
ViuTVsix,https://10.fast.hidns.vip/163189/viu6/
NOW新闻台,https://fast.hidns.vip/163189/now
RTHK31,https://fast.hidns.vip/163189/rthk31
RTHK32,https://fast.hidns.vip/163189/rthk32
澳视澳门,https://cdn6.cc.cd/163189/asam
澳视卫星,https://cdn6.cc.cd/163189/as
澳门体育,https://cdn6.cc.cd/163189/amty
澳门综艺,https://cdn6.cc.cd/163189/amzy
澳门莲花,https://cdn6.cc.cd/163189/amlh
重温经典,https://cdn6.cc.cd/163189/cwjd
TVB1,https://cdn6.cc.cd/163189/tvb1
TVBJ1,https://cdn6.cc.cd/163189/j1
翡翠剧集台,https://cdn6.cc.cd/163189/tvbd
广东珠江,https://2.fast.hidns.vip/163189/gdzj
广东体育,https://2.fast.hidns.vip/163189/gdty
八度空间,https://cdn6.cc.cd/163189/8tv
CH5,https://cdn6.cc.cd/163189/ch5
CH8,https://cdn6.cc.cd/163189/ch8
CHU,https://cdn6.cc.cd/163189/chu
龙华电影,https://8.fast.hidns.vip/163189/lhdy
龙华经典,https://8.fast.hidns.vip/163189/lhjd
龙华偶像,https://8.fast.hidns.vip/163189/lhox
龙华日韩,https://8.fast.hidns.vip/163189/lhrh
龙华戏剧,https://8.fast.hidns.vip/163189/lhxj
龙华洋片,https://8.fast.hidns.vip/163189/lhyp
龙华卡通,https://8.fast.hidns.vip/163189/lhkt
金光布袋戏,https://cdn3.indevs.in/stream/live/jgbdx/
华丽翡翠台,https://cdn6.cc.cd/163189/hlfct
TVB亚洲武侠,https://cdn6.cc.cd/163189/yzwx
TVB娱乐新闻台,https://cdn6.cc.cd/163189/ylxw
TVB星河,https://cdn6.cc.cd/163189/tvbxh
海峡卫视,https://10.fast.hidns.vip/163189/hxws/
海峡卫视,https://168.sryze.cc/163189/hxws
TVB星河,https://10.fast.hidns.vip/163189/xinghe/
天映新加坡,https://10.fast.hidns.vip/163189/typd/
天映经典,https://10.fast.hidns.vip/163189/ccm/
华丽翡翠台,https://cdn3.indevs.in/stream/live/hlt/
华丽翡翠台(硬字幕),https://cdn6.cc.cd/163189/jade
华丽翡翠台(新加坡),https://cdn3.indevs.in/stream/live/jade/
Astro AOD,https://cdn3.indevs.in/stream/live/aod/
Astro AEC,https://cdn3.indevs.in/stream/live/aec/
Astro QJ,https://cdn3.indevs.in/stream/live/qj/
Astro欢喜台,https://cdn3.indevs.in/stream/live/hxt/
爱奇艺,https://cdn3.indevs.in/stream/live/iqiyi/
天映频道,https://cdn3.indevs.in/stream/live/typd/
天映经典,https://cdn3.indevs.in/stream/live/ccm/
TVB星河,https://cdn3.indevs.in/stream/live/tvbxh/
千禧经典台,https://cdn3.indevs.in/stream/live/tvbc/
翡翠台(WebVTT字幕),https://10.fast.hidns.vip/163189/fct/
明珠台(WebVTT字幕),https://10.fast.hidns.vip/163189/mzt/
TVB Plus(WebVTT字幕),https://10.fast.hidns.vip/163189/tvbp/
黄金华剧台(WebVTT字幕),https://10.fast.hidns.vip/163189/hjhjt/
重温经典,https://168.sryze.cc/163189/cwjd
广州综合,https://168.sryze.cc/163189/gzzh
广州新闻,https://168.sryze.cc/163189/gzxw
广州南国都市,https://cdn15.163189.xyz/163189/ngds
五星体育,https://cdn15.163189.xyz/163189/wxty
民视影剧台,https://cdn12.178.indevs.in/163189/msyj
公视戏剧,https://cdn12.178.indevs.in/163189/gsxj
采昌影剧台,https://cdn12.178.indevs.in/163189/ccyj
靖天戏剧台,https://cdn12.178.indevs.in/163189/jtxj
靖天电影台,https://cdn12.178.indevs.in/163189/jtdy
靖洋戏剧台,https://cdn12.178.indevs.in/163189/jyxj
影迷数位电影台,https://cdn12.178.indevs.in/163189/ymswdyt
amc电影台,https://cdn12.178.indevs.in/163189/amc
CinemaWorld,https://cdn12.178.indevs.in/163189/cinemaworld
My Cinema Europe,https://cdn12.178.indevs.in/163189/mce
经典电影台,https://cdn12.178.indevs.in/163189/jddyt
CMusic,https://cdn12.178.indevs.in/163189/cmusic
DreamWorks梦工厂动画,https://cdn12.178.indevs.in/163189/dreamworks
精选动漫台,https://cdn12.178.indevs.in/163189/jxdmt
金光布袋戏,https://cdn12.178.indevs.in/163189/jgbdx
TVB Plus,https://smt.1678520.xyz/163189/tvbp
纬来电影台,https://smt.1678520.xyz/163189/wldy
纬来戏剧台,https://smt.1678520.xyz/163189/wlxj
纬来体育台,https://smt.1678520.xyz/163189/wlty
龙祥时代,https://smt.1678520.xyz/163189/lxsd
东森电影,https://smt.1678520.xyz/163189/dsdy
东森戏剧,https://smt.1678520.xyz/163189/dsxj
东森洋片,https://smt.1678520.xyz/163189/dsyp
咪咕4K(限移动网络),http://r.jdshipin.com/ln4xk
咪咕4K-2(限移动网络),http://r.jdshipin.com/Lqdwf
盗源狗si全家 全家下地狱
翡翠台,http://gd.wsd.gd.cn:1698/hls/92/index.m3u8
翡翠台,http://211.97.63.3:3443/hls/541/index.m3u8
无线新闻台,rtmp://school.3class.cc/live/yifaTV-125
美亞電影台,http://www.kaniptv.cn/uadl.php?ua=QVBUVg==&mode=1&hls=aHR0cDovL215dHZzdXBlci5tYWdpY2x1d2VpYm8xLmh6LmN6L2NoL2RlNGM5ZmJjODBhNTFlOTVhNDJhZTU2ZDA4YmVkOGQzL21hc3Rlci5tM3U4
翡翠台,http://www.kaniptv.cn/uadl.php?ua=QVBUVg==&mode=1&hls=aHR0cDovL215dHZzdXBlci5tYWdpY2x1d2VpYm8xLmh6LmN6L2NoL2JkY2ZkODIzOWE1MjhiZjhiMTFkNWNjNTA4ODk2ZDk3L21hc3Rlci5tM3U4
PopC,http://www.kaniptv.cn/uadl.php?ua=QVBUVg==&mode=1&hls=aHR0cDovL215dHZzdXBlci5tYWdpY2x1d2VpYm8xLmh6LmN6L2NoLzdiNTg5NGY1YjMzYjVlOTU4OTI1OTk5OTRjNDQxYmEzL21hc3Rlci5tM3U4
TVB Plus,http://www.kaniptv.cn/uadl.php?ua=QVBUVg==&mode=1&hls=aHR0cDovL215dHZzdXBlci5tYWdpY2x1d2VpYm8xLmh6LmN6L2NoL2QwM2FiMGM5NzgyNTQ0OTJkNzEzOWQ4ZDgxZGYxNzZhL21hc3Rlci5tM3U4
中天新闻,http://173.208.234.146/live/ctinews.m3u8
美亚电影,http://173.208.234.146/live/mymovie.m3u8
