分类: 📺央视频道, 名称: CCTV-1, 有效: 11, IPv4: 66, IPv6: 0, 最小延迟: 457 ms, 最高速率: 1.92 M/s, 平均速率: 1.62 M/s, 最高分辨率: 1920x1080, 平均帧率: 42.50, 视频编解码器: h264, 音频编解码器: aac
分类: 📺央视频道, 名称: CCTV-2, 有效: 10, IPv4: 61, IPv6: 0, 最小延迟: 64 ms, 最高速率: 83.62 M/s, 平均速率: 23.68 M/s, 最高分辨率: 1920x1080, 平均帧率: 未知, 视频编解码器: 未知, 音频编解码器: 未知
分类: 📺央视频道, 名称: CCTV-3, 有效: 11, IPv4: 60, IPv6: 0, 最小延迟: 59 ms, 最高速率: 84.23 M/s, 平均速率: 26.96 M/s, 最高分辨率: 1920x1080, 平均帧率: 37.50, 视频编解码器: h264, 音频编解码器: aac
分类: 📺央视频道, 名称: CCTV-4, 有效: 10, IPv4: 94, IPv6: 0, 最小延迟: 52 ms, 最高速率: 101.59 M/s, 平均速率: 42.06 M/s, 最高分辨率: 1920x1080, 平均帧率: 60.00, 视频编解码器: h264, 音频编解码器: aac
分类: 📺央视频道, 名称: CCTV-5, 有效: 10, IPv4: 64, IPv6: 0, 最小延迟: 55 ms, 最高速率: 88.47 M/s, 平均速率: 40.14 M/s, 最高分辨率: 1920x1080, 平均帧率: 未知, 视频编解码器: 未知, 音频编解码器: 未知
分类: 📺央视频道, 名称: CCTV-5+, 有效: 10, IPv4: 48, IPv6: 0, 最小延迟: 58 ms, 最高速率: 87.99 M/s, 平均速率: 32.09 M/s, 最高分辨率: 1920x1080, 平均帧率: 未知, 视频编解码器: 未知, 音频编解码器: 未知
分类: 📺央视频道, 名称: CCTV-6, 有效: 11, IPv4: 58, IPv6: 0, 最小延迟: 46 ms, 最高速率: 103.84 M/s, 平均速率: 30.20 M/s, 最高分辨率: 1920x1080, 平均帧率: 26.67, 视频编解码器: h264, 音频编解码器: aac
分类: 📺央视频道, 名称: CCTV-7, 有效: 10, IPv4: 61, IPv6: 0, 最小延迟: 54 ms, 最高速率: 99.06 M/s, 平均速率: 55.15 M/s, 最高分辨率: 1920x1080, 平均帧率: 33.33, 视频编解码器: h264, 音频编解码器: aac
分类: 📺央视频道, 名称: CCTV-8, 有效: 10, IPv4: 62, IPv6: 0, 最小延迟: 55 ms, 最高速率: 97.95 M/s, 平均速率: 16.70 M/s, 最高分辨率: 1920x1080, 平均帧率: 55.00, 视频编解码器: h264, 音频编解码器: aac
分类: 📺央视频道, 名称: CCTV-9, 有效: 11, IPv4: 59, IPv6: 0, 最小延迟: 45 ms, 最高速率: 109.77 M/s, 平均速率: 40.50 M/s, 最高分辨率: 1920x1080, 平均帧率: 30.00, 视频编解码器: h264, 音频编解码器: aac
分类: 📺央视频道, 名称: CCTV-10, 有效: 10, IPv4: 59, IPv6: 0, 最小延迟: 56 ms, 最高速率: 96.18 M/s, 平均速率: 34.69 M/s, 最高分辨率: 1920x1080, 平均帧率: 25.00, 视频编解码器: h264, 音频编解码器: aac
分类: 📺央视频道, 名称: CCTV-11, 有效: 10, IPv4: 61, IPv6: 0, 最小延迟: 57 ms, 最高速率: 89.81 M/s, 平均速率: 33.88 M/s, 最高分辨率: 1920x1080, 平均帧率: 未知, 视频编解码器: 未知, 音频编解码器: 未知
分类: 📺央视频道, 名称: CCTV-12, 有效: 10, IPv4: 61, IPv6: 0, 最小延迟: 45 ms, 最高速率: 108.75 M/s, 平均速率: 38.72 M/s, 最高分辨率: 1920x1080, 平均帧率: 25.00, 视频编解码器: h264, 音频编解码器: aac
分类: 🦋港·澳·台, 名称: 凤凰资讯, 有效: 2, IPv4: 4, IPv6: 0, 最小延迟: 176 ms, 最高速率: 0.48 M/s, 平均速率: 0.40 M/s, 最高分辨率: 1280x720, 平均帧率: 未知, 视频编解码器: 未知, 音频编解码器: 未知
分类: 🦋港·澳·台, 名称: 凤凰香港, 有效: 1, IPv4: 3, IPv6: 0, 最小延迟: 284 ms, 最高速率: 1.03 M/s, 平均速率: 0.45 M/s, 最高分辨率: 1280x720, 平均帧率: 30.00, 视频编解码器: h264, 音频编解码器: aac
分类: 🦋港·澳·台, 名称: 凤凰卫视, 有效: 0, IPv4: 2, IPv6: 0, 最小延迟: 294 ms, 最高速率: 1.02 M/s, 平均速率: 0.00 M/s, 最高分辨率: 1920x1080, 平均帧率: 30.00, 视频编解码器: h264, 音频编解码器: aac
分类: 📺央视频道, 名称: CCTV-13, 有效: 9, IPv4: 64, IPv6: 0, 最小延迟: 56 ms, 最高速率: 93.48 M/s, 平均速率: 59.06 M/s, 最高分辨率: 1920x1080, 平均帧率: 25.00, 视频编解码器: h264, 音频编解码器: aac
分类: 🦋港·澳·台, 名称: 凤凰中文, 有效: 3, IPv4: 5, IPv6: 0, 最小延迟: 49 ms, 最高速率: 105.40 M/s, 平均速率: 44.78 M/s, 最高分辨率: 1920x1080, 平均帧率: 未知, 视频编解码器: 未知, 音频编解码器: 未知
分类: 📡卫视频道, 名称: 广东卫视, 有效: 11, IPv4: 22, IPv6: 0, 最小延迟: 41 ms, 最高速率: 143.07 M/s, 平均速率: 71.94 M/s, 最高分辨率: 1920x1080, 平均帧率: 未知, 视频编解码器: 未知, 音频编解码器: 未知
分类: 📡卫视频道, 名称: 香港卫视, 有效: 1, IPv4: 1, IPv6: 0, 最小延迟: 10576 ms, 最高速率: 0.40 M/s, 平均速率: 0.40 M/s, 最高分辨率: 1280x720, 平均帧率: 未知, 视频编解码器: 未知, 音频编解码器: 未知
分类: 📡卫视频道, 名称: 浙江卫视, 有效: 10, IPv4: 16, IPv6: 0, 最小延迟: 55 ms, 最高速率: 97.64 M/s, 平均速率: 49.63 M/s, 最高分辨率: 1920x1080, 平均帧率: 未知, 视频编解码器: 未知, 音频编解码器: 未知
分类: 📡卫视频道, 名称: 北京卫视, 有效: 10, IPv4: 30, IPv6: 0, 最小延迟: 51 ms, 最高速率: 102.92 M/s, 平均速率: 37.66 M/s, 最高分辨率: 1920x1080, 平均帧率: 25.00, 视频编解码器: h264, 音频编解码器: aac
分类: 📡卫视频道, 名称: 湖北卫视, 有效: 9, IPv4: 18, IPv6: 0, 最小延迟: 51 ms, 最高速率: 102.72 M/s, 平均速率: 66.53 M/s, 最高分辨率: 1920x1080, 平均帧率: 25.00, 视频编解码器: h264, 音频编解码器: aac
分类: 📡卫视频道, 名称: 湖南卫视, 有效: 10, IPv4: 27, IPv6: 0, 最小延迟: 46 ms, 最高速率: 110.99 M/s, 平均速率: 48.08 M/s, 最高分辨率: 3840x2160, 平均帧率: 未知, 视频编解码器: 未知, 音频编解码器: 未知
分类: 📡卫视频道, 名称: 黑龙江卫视, 有效: 9, IPv4: 16, IPv6: 0, 最小延迟: 49 ms, 最高速率: 102.31 M/s, 平均速率: 72.16 M/s, 最高分辨率: 1920x1080, 平均帧率: 25.00, 视频编解码器: h264, 音频编解码器: aac
分类: 📡卫视频道, 名称: 安徽卫视, 有效: 10, IPv4: 13, IPv6: 0, 最小延迟: 47 ms, 最高速率: 105.84 M/s, 平均速率: 64.14 M/s, 最高分辨率: 1920x1080, 平均帧率: 未知, 视频编解码器: 未知, 音频编解码器: 未知
分类: 📡卫视频道, 名称: 重庆卫视, 有效: 10, IPv4: 17, IPv6: 0, 最小延迟: 44 ms, 最高速率: 116.28 M/s, 平均速率: 70.25 M/s, 最高分辨率: 1920x1080, 平均帧率: 未知, 视频编解码器: 未知, 音频编解码器: 未知
分类: 📡卫视频道, 名称: 东方卫视, 有效: 10, IPv4: 22, IPv6: 0, 最小延迟: 50 ms, 最高速率: 102.03 M/s, 平均速率: 64.11 M/s, 最高分辨率: 1920x1080, 平均帧率: 未知, 视频编解码器: 未知, 音频编解码器: 未知
分类: 📡卫视频道, 名称: 东南卫视, 有效: 9, IPv4: 19, IPv6: 0, 最小延迟: 43 ms, 最高速率: 104.69 M/s, 平均速率: 94.43 M/s, 最高分辨率: 1920x1080, 平均帧率: 37.50, 视频编解码器: h264, 音频编解码器: aac
分类: 📡卫视频道, 名称: 广西卫视, 有效: 11, IPv4: 16, IPv6: 0, 最小延迟: 56 ms, 最高速率: 93.68 M/s, 平均速率: 70.69 M/s, 最高分辨率: 1920x1080, 平均帧率: 未知, 视频编解码器: 未知, 音频编解码器: 未知
分类: 📡卫视频道, 名称: 甘肃卫视, 有效: 10, IPv4: 14, IPv6: 0, 最小延迟: 49 ms, 最高速率: 102.30 M/s, 平均速率: 48.59 M/s, 最高分辨率: 1920x1080, 平均帧率: 未知, 视频编解码器: 未知, 音频编解码器: 未知
分类: 📡卫视频道, 名称: 贵州卫视, 有效: 10, IPv4: 14, IPv6: 0, 最小延迟: 47 ms, 最高速率: 109.73 M/s, 平均速率: 66.31 M/s, 最高分辨率: 1920x1080, 平均帧率: 25.00, 视频编解码器: h264, 音频编解码器: aac
分类: 📡卫视频道, 名称: 海南卫视, 有效: 9, IPv4: 15, IPv6: 0, 最小延迟: 47 ms, 最高速率: 105.53 M/s, 平均速率: 70.18 M/s, 最高分辨率: 1920x1080, 平均帧率: 未知, 视频编解码器: 未知, 音频编解码器: 未知
分类: 📡卫视频道, 名称: 河北卫视, 有效: 9, IPv4: 18, IPv6: 0, 最小延迟: 49 ms, 最高速率: 109.92 M/s, 平均速率: 73.51 M/s, 最高分辨率: 1920x1080, 平均帧率: 25.00, 视频编解码器: h264, 音频编解码器: aac
分类: 📡卫视频道, 名称: 河南卫视, 有效: 9, IPv4: 23, IPv6: 0, 最小延迟: 60 ms, 最高速率: 94.69 M/s, 平均速率: 60.69 M/s, 最高分辨率: 1920x1080, 平均帧率: 33.33, 视频编解码器: h264, 音频编解码器: aac
分类: 📡卫视频道, 名称: 吉林卫视, 有效: 6, IPv4: 16, IPv6: 0, 最小延迟: 53 ms, 最高速率: 90.85 M/s, 平均速率: 79.02 M/s, 最高分辨率: 1920x1080, 平均帧率: 25.00, 视频编解码器: h264, 音频编解码器: aac
分类: 📡卫视频道, 名称: 江苏卫视, 有效: 11, IPv4: 22, IPv6: 0, 最小延迟: 58 ms, 最高速率: 91.51 M/s, 平均速率: 54.77 M/s, 最高分辨率: 1920x1080, 平均帧率: 25.00, 视频编解码器: h264, 音频编解码器: aac
分类: 📡卫视频道, 名称: 江西卫视, 有效: 10, IPv4: 19, IPv6: 0, 最小延迟: 48 ms, 最高速率: 101.50 M/s, 平均速率: 60.96 M/s, 最高分辨率: 1920x1080, 平均帧率: 未知, 视频编解码器: 未知, 音频编解码器: 未知
分类: 📡卫视频道, 名称: 辽宁卫视, 有效: 9, IPv4: 18, IPv6: 0, 最小延迟: 50 ms, 最高速率: 103.79 M/s, 平均速率: 50.76 M/s, 最高分辨率: 1920x1080, 平均帧率: 25.00, 视频编解码器: h264, 音频编解码器: aac
分类: 📡卫视频道, 名称: 内蒙古卫视, 有效: 11, IPv4: 14, IPv6: 0, 最小延迟: 52 ms, 最高速率: 97.06 M/s, 平均速率: 45.38 M/s, 最高分辨率: 1920x1080, 平均帧率: 未知, 视频编解码器: 未知, 音频编解码器: 未知
分类: 📡卫视频道, 名称: 宁夏卫视, 有效: 10, IPv4: 19, IPv6: 0, 最小延迟: 46 ms, 最高速率: 112.16 M/s, 平均速率: 58.96 M/s, 最高分辨率: 1920x1080, 平均帧率: 25.00, 视频编解码器: h264, 音频编解码器: aac
分类: 📡卫视频道, 名称: 青海卫视, 有效: 11, IPv4: 20, IPv6: 0, 最小延迟: 102 ms, 最高速率: 8.77 M/s, 平均速率: 4.22 M/s, 最高分辨率: 1920x1080, 平均帧率: 未知, 视频编解码器: 未知, 音频编解码器: 未知
分类: 📡卫视频道, 名称: 山东卫视, 有效: 10, IPv4: 15, IPv6: 0, 最小延迟: 741 ms, 最高速率: 6.15 M/s, 平均速率: 2.87 M/s, 最高分辨率: 1920x1080, 平均帧率: 未知, 视频编解码器: 未知, 音频编解码器: 未知
分类: 📡卫视频道, 名称: 山西卫视, 有效: 9, IPv4: 15, IPv6: 0, 最小延迟: 729 ms, 最高速率: 6.15 M/s, 平均速率: 2.44 M/s, 最高分辨率: 1920x1080, 平均帧率: 25.00, 视频编解码器: h264, 音频编解码器: aac
分类: 📡卫视频道, 名称: 陕西卫视, 有效: 5, IPv4: 14, IPv6: 0, 最小延迟: 708 ms, 最高速率: 5.85 M/s, 平均速率: 3.20 M/s, 最高分辨率: 1920x1080, 平均帧率: 25.00, 视频编解码器: h264, 音频编解码器: aac
分类: 📡卫视频道, 名称: 深圳卫视, 有效: 8, IPv4: 16, IPv6: 0, 最小延迟: 127 ms, 最高速率: 48.35 M/s, 平均速率: 20.67 M/s, 最高分辨率: 1920x1080, 平均帧率: 未知, 视频编解码器: 未知, 音频编解码器: 未知
分类: 📡卫视频道, 名称: 三沙卫视, 有效: 11, IPv4: 18, IPv6: 0, 最小延迟: 60 ms, 最高速率: 94.13 M/s, 平均速率: 28.02 M/s, 最高分辨率: 1920x1080, 平均帧率: 未知, 视频编解码器: 未知, 音频编解码器: 未知
分类: 📡卫视频道, 名称: 天津卫视, 有效: 10, IPv4: 14, IPv6: 0, 最小延迟: 55 ms, 最高速率: 98.01 M/s, 平均速率: 40.27 M/s, 最高分辨率: 1920x1080, 平均帧率: 37.50, 视频编解码器: h264, 音频编解码器: aac
分类: 📡卫视频道, 名称: 新疆卫视, 有效: 11, IPv4: 18, IPv6: 0, 最小延迟: 51 ms, 最高速率: 96.27 M/s, 平均速率: 43.99 M/s, 最高分辨率: 1920x1080, 平均帧率: 未知, 视频编解码器: 未知, 音频编解码器: 未知
分类: 📡卫视频道, 名称: 西藏卫视, 有效: 9, IPv4: 13, IPv6: 0, 最小延迟: 64 ms, 最高速率: 79.98 M/s, 平均速率: 47.50 M/s, 最高分辨率: 1920x1080, 平均帧率: 25.00, 视频编解码器: h264, 音频编解码器: aac
分类: ☘️影视频道, 名称: CHC动作电影, 有效: 6, IPv4: 8, IPv6: 0, 最小延迟: 63 ms, 最高速率: 87.17 M/s, 平均速率: 28.98 M/s, 最高分辨率: 1920x1080, 平均帧率: 未知, 视频编解码器: 未知, 音频编解码器: 未知
分类: 📡卫视频道, 名称: 云南卫视, 有效: 10, IPv4: 15, IPv6: 0, 最小延迟: 48 ms, 最高速率: 104.47 M/s, 平均速率: 59.65 M/s, 最高分辨率: 1920x1080, 平均帧率: 未知, 视频编解码器: 未知, 音频编解码器: 未知
分类: ☘️影视频道, 名称: CHC高清电影, 有效: 0, IPv4: 1, IPv6: 0, 最小延迟: 10004 ms, 最高速率: 0.00 M/s, 平均速率: 0.00 M/s, 最高分辨率: None, 平均帧率: 未知, 视频编解码器: 未知, 音频编解码器: 未知
分类: 📡卫视频道, 名称: 四川卫视, 有效: 10, IPv4: 23, IPv6: 0, 最小延迟: 507 ms, 最高速率: 2.91 M/s, 平均速率: 1.66 M/s, 最高分辨率: 3840x2160, 平均帧率: 未知, 视频编解码器: 未知, 音频编解码器: 未知
分类: ☘️影视频道, 名称: 经典电影, 有效: 0, IPv4: 1, IPv6: 0, 最小延迟: 10006 ms, 最高速率: 0.00 M/s, 平均速率: 0.00 M/s, 最高分辨率: None, 平均帧率: 未知, 视频编解码器: 未知, 音频编解码器: 未知
分类: ☘️影视频道, 名称: CHC家庭影院, 有效: 7, IPv4: 9, IPv6: 0, 最小延迟: 55 ms, 最高速率: 85.47 M/s, 平均速率: 22.43 M/s, 最高分辨率: 1920x1080, 平均帧率: 未知, 视频编解码器: 未知, 音频编解码器: 未知
分类: ☘️影视频道, 名称: NewTV惊悚悬疑, 有效: 2, IPv4: 3, IPv6: 0, 最小延迟: 64 ms, 最高速率: 82.80 M/s, 平均速率: 59.82 M/s, 最高分辨率: 1920x1080, 平均帧率: 未知, 视频编解码器: 未知, 音频编解码器: 未知
分类: ☘️影视频道, 名称: IPTV经典电影, 有效: 0, IPv4: 1, IPv6: 0, 最小延迟: -1 ms, 最高速率: 0.00 M/s, 平均速率: 0.00 M/s, 最高分辨率: None, 平均帧率: 未知, 视频编解码器: 未知, 音频编解码器: 未知
